<h2>This is the title</h2>
<p>This is the contents.</p>
